<strong>IMMA FIRIN MAH LAZERS</strong><p>such options</p>