<p>1</p><p>1</p><p>2</p><p>2</p><p>3</p><p>3</p><p>4</p><p>4</p><div class="1"></div><div class="hello">such local</div><div class="test"><div hello="hello" class="foo"></div></div>