Handlebars.template({"compiler":[6,">= 2.0.0-beta.1"],"main":function(depth0,helpers,partials,data) {
  var helper, functionType="function", helperMissing=helpers.helperMissing, escapeExpression=this.escapeExpression;
  return "<h1>Under the "
    + escapeExpression(((helper = (helper = helpers.body_of_water || (depth0 != null ? depth0.body_of_water : depth0)) != null ? helper : helperMissing),(typeof helper === functionType ? helper.call(depth0, {"name":"body_of_water","hash":{},"data":data}) : helper)))
    + "</h1>";
},"useData":true});