<h2>Introducing Partials!</h2>
<p>hello from a partial!</p>