<p>here's a partial my friends:</p>
<p>look ma i made it to the partial!</p>