function anonymous(_swig,_ctx,_filters,_utils,_fn) {
  var _ext = _swig.extensions,
    _output = "";
_output += "<h1>";
if (((typeof _ctx.foo !== "undefined") ? ((typeof _ctx.foo !== "undefined") ? _ctx.foo : "") : ((typeof foo !== "undefined") ? foo : ""))) { 
_output += "Bar";

}_output += "</h1>";

  return _output;

}